<?xml version="1.0" encoding="utf-8"?><testsuites name="pytest tests"><testsuite name="pytest" errors="15" failures="0" skipped="0" tests="15" time="14.227" timestamp="2025-10-06T23:13:32.702645+02:00" hostname="SeanMiniPC"><testcase classname="" name="services.devenviro.as.app.tests.core.test_database" file="services/devenviro.as/app/tests/core/test_database.py" time="0.000"><error message="collection failure">ImportError while importing test module 'C:\Users\steyn\ApexSigmaProjects.Dev\services\devenviro.as\app\tests\core\test_database.py'.
Hint: make sure your test modules/packages have valid Python names.
Traceback:
..\AppData\Roaming\uv\python\cpython-3.13.5-windows-x86_64-none\Lib\importlib\__init__.py:88: in import_module
    return _bootstrap._gcd_import(name[level:], package, level)
           ^^^^^^^^^^^^^^^^^^^^^^^^^^^^^^^^^^^^^^^^^^^^^^^^^^^^
services\devenviro.as\app\tests\core\test_database.py:9: in &lt;module&gt;
    from app.src.core import database
services\devenviro.as\app\src\core\__init__.py:16: in &lt;module&gt;
    from .observability import get_observability
services\devenviro.as\app\src\core\observability.py:13: in &lt;module&gt;
    from opentelemetry import trace
E   ModuleNotFoundError: No module named 'opentelemetry'</error></testcase><testcase classname="" name="services.devenviro.as.app.tests.services.test_database_migration" file="services/devenviro.as/app/tests/services/test_database_migration.py" time="0.000"><error message="collection failure">ImportError while importing test module 'C:\Users\steyn\ApexSigmaProjects.Dev\services\devenviro.as\app\tests\services\test_database_migration.py'.
Hint: make sure your test modules/packages have valid Python names.
Traceback:
..\AppData\Roaming\uv\python\cpython-3.13.5-windows-x86_64-none\Lib\importlib\__init__.py:88: in import_module
    return _bootstrap._gcd_import(name[level:], package, level)
           ^^^^^^^^^^^^^^^^^^^^^^^^^^^^^^^^^^^^^^^^^^^^^^^^^^^^
services\devenviro.as\app\tests\services\test_database_migration.py:8: in &lt;module&gt;
    from app.src.services.database_migration import DatabaseMigration
services\devenviro.as\app\src\services\database_migration.py:7: in &lt;module&gt;
    from app.src.core.database import get_db_connection
services\devenviro.as\app\src\core\__init__.py:16: in &lt;module&gt;
    from .observability import get_observability
services\devenviro.as\app\src\core\observability.py:13: in &lt;module&gt;
    from opentelemetry import trace
E   ModuleNotFoundError: No module named 'opentelemetry'</error></testcase><testcase classname="" name="services.devenviro.as.app.tests.test_agent_database" file="services/devenviro.as/app/tests/test_agent_database.py" time="0.000"><error message="collection failure">ImportError while importing test module 'C:\Users\steyn\ApexSigmaProjects.Dev\services\devenviro.as\app\tests\test_agent_database.py'.
Hint: make sure your test modules/packages have valid Python names.
Traceback:
..\AppData\Roaming\uv\python\cpython-3.13.5-windows-x86_64-none\Lib\importlib\__init__.py:88: in import_module
    return _bootstrap._gcd_import(name[level:], package, level)
           ^^^^^^^^^^^^^^^^^^^^^^^^^^^^^^^^^^^^^^^^^^^^^^^^^^^^
services\devenviro.as\app\tests\test_agent_database.py:16: in &lt;module&gt;
    from src.core.agent_database import (
E   ModuleNotFoundError: No module named 'src.core'</error></testcase><testcase classname="" name="services.memos.as.app.tests.test_ingest_integration" file="services/memos.as/app/tests/test_ingest_integration.py" time="0.000"><error message="collection failure">ImportError while importing test module 'C:\Users\steyn\ApexSigmaProjects.Dev\services\memos.as\app\tests\test_ingest_integration.py'.
Hint: make sure your test modules/packages have valid Python names.
Traceback:
..\AppData\Roaming\uv\python\cpython-3.13.5-windows-x86_64-none\Lib\importlib\__init__.py:88: in import_module
    return _bootstrap._gcd_import(name[level:], package, level)
           ^^^^^^^^^^^^^^^^^^^^^^^^^^^^^^^^^^^^^^^^^^^^^^^^^^^^
services\memos.as\app\tests\test_ingest_integration.py:11: in &lt;module&gt;
    from fastapi.testclient import TestClient
E   ModuleNotFoundError: No module named 'fastapi'</error></testcase><testcase classname="" name="services.memos.as.app.tests.test_neo4j_client" file="services/memos.as/app/tests/test_neo4j_client.py" time="0.000"><error message="collection failure">ImportError while importing test module 'C:\Users\steyn\ApexSigmaProjects.Dev\services\memos.as\app\tests\test_neo4j_client.py'.
Hint: make sure your test modules/packages have valid Python names.
Traceback:
..\AppData\Roaming\uv\python\cpython-3.13.5-windows-x86_64-none\Lib\importlib\__init__.py:88: in import_module
    return _bootstrap._gcd_import(name[level:], package, level)
           ^^^^^^^^^^^^^^^^^^^^^^^^^^^^^^^^^^^^^^^^^^^^^^^^^^^^
services\memos.as\app\tests\test_neo4j_client.py:2: in &lt;module&gt;
    from app.services.neo4j_client import Neo4jClient
E   ModuleNotFoundError: No module named 'app.services'</error></testcase><testcase classname="" name="services.memos.as.app.tests.test_tiered_storage" file="services/memos.as/app/tests/test_tiered_storage.py" time="0.000"><error message="collection failure">ImportError while importing test module 'C:\Users\steyn\ApexSigmaProjects.Dev\services\memos.as\app\tests\test_tiered_storage.py'.
Hint: make sure your test modules/packages have valid Python names.
Traceback:
..\AppData\Roaming\uv\python\cpython-3.13.5-windows-x86_64-none\Lib\importlib\__init__.py:88: in import_module
    return _bootstrap._gcd_import(name[level:], package, level)
           ^^^^^^^^^^^^^^^^^^^^^^^^^^^^^^^^^^^^^^^^^^^^^^^^^^^^
services\memos.as\app\tests\test_tiered_storage.py:4: in &lt;module&gt;
    import redis
E   ModuleNotFoundError: No module named 'redis'</error></testcase><testcase classname="" name="services.memos.as.libs.apexsigma-core.tests.test_models" file="services/memos.as/libs/apexsigma-core/tests/test_models.py" time="0.000"><error message="collection failure">import file mismatch:
imported module 'tests.test_models' has this __file__ attribute:
  C:\Users\steyn\ApexSigmaProjects.Dev\libs\apexsigma-core\tests\test_models.py
which is not the same as the test file we want to collect:
  C:\Users\steyn\ApexSigmaProjects.Dev\services\memos.as\libs\apexsigma-core\tests\test_models.py
HINT: remove __pycache__ / .pyc files and/or use a unique basename for your test file modules</error></testcase><testcase classname="" name="services.memos.as.libs.apexsigma-core.tests.test_utils" file="services/memos.as/libs/apexsigma-core/tests/test_utils.py" time="0.000"><error message="collection failure">import file mismatch:
imported module 'tests.test_utils' has this __file__ attribute:
  C:\Users\steyn\ApexSigmaProjects.Dev\libs\apexsigma-core\tests\test_utils.py
which is not the same as the test file we want to collect:
  C:\Users\steyn\ApexSigmaProjects.Dev\services\memos.as\libs\apexsigma-core\tests\test_utils.py
HINT: remove __pycache__ / .pyc files and/or use a unique basename for your test file modules</error></testcase><testcase classname="" name="services.memos.as.test_imports" file="services/memos.as/test_imports.py" time="0.000"><error message="collection failure">import file mismatch:
imported module 'test_imports' has this __file__ attribute:
  C:\Users\steyn\ApexSigmaProjects.Dev\services\devenviro.as\test_imports.py
which is not the same as the test file we want to collect:
  C:\Users\steyn\ApexSigmaProjects.Dev\services\memos.as\test_imports.py
HINT: remove __pycache__ / .pyc files and/or use a unique basename for your test file modules</error></testcase><testcase classname="" name="services.tools.as.app.tests.test_main" file="services/tools.as/app/tests/test_main.py" time="0.000"><error message="collection failure">import file mismatch:
imported module 'app.tests.test_main' has this __file__ attribute:
  C:\Users\steyn\ApexSigmaProjects.Dev\services\devenviro.as\app\tests\test_main.py
which is not the same as the test file we want to collect:
  C:\Users\steyn\ApexSigmaProjects.Dev\services\tools.as\app\tests\test_main.py
HINT: remove __pycache__ / .pyc files and/or use a unique basename for your test file modules</error></testcase><testcase classname="" name="services.tools.as.tests.test_chat_thread_summarizer" file="services/tools.as/tests/test_chat_thread_summarizer.py" time="0.000"><error message="collection failure">ImportError while importing test module 'C:\Users\steyn\ApexSigmaProjects.Dev\services\tools.as\tests\test_chat_thread_summarizer.py'.
Hint: make sure your test modules/packages have valid Python names.
Traceback:
..\AppData\Roaming\uv\python\cpython-3.13.5-windows-x86_64-none\Lib\importlib\__init__.py:88: in import_module
    return _bootstrap._gcd_import(name[level:], package, level)
           ^^^^^^^^^^^^^^^^^^^^^^^^^^^^^^^^^^^^^^^^^^^^^^^^^^^^
services\tools.as\tests\test_chat_thread_summarizer.py:12: in &lt;module&gt;
    from chat_thread_summarizer import ToolsThreadSummarizer, main  # type: ignore
    ^^^^^^^^^^^^^^^^^^^^^^^^^^^^^^^^^^^^^^^^^^^^^^^^^^^^^^^^^^^^^^
E   ImportError: cannot import name 'ToolsThreadSummarizer' from 'chat_thread_summarizer' (C:\Users\steyn\ApexSigmaProjects.Dev\services\InGest-LLM.as\scripts\chat_thread_summarizer.py). Did you mean: 'ChatThreadSummarizer'?</error></testcase><testcase classname="" name="services.tools.as.tests.test_main" file="services/tools.as/tests/test_main.py" time="0.000"><error message="collection failure">import file mismatch:
imported module 'test_main' has this __file__ attribute:
  C:\Users\steyn\ApexSigmaProjects.Dev\services\devenviro.as\app\tests\test_main.py
which is not the same as the test file we want to collect:
  C:\Users\steyn\ApexSigmaProjects.Dev\services\tools.as\tests\test_main.py
HINT: remove __pycache__ / .pyc files and/or use a unique basename for your test file modules</error></testcase><testcase classname="" name="services.tools.as.tests.test_models" file="services/tools.as/tests/test_models.py" time="0.000"><error message="collection failure">ImportError while importing test module 'C:\Users\steyn\ApexSigmaProjects.Dev\services\tools.as\tests\test_models.py'.
Hint: make sure your test modules/packages have valid Python names.
Traceback:
..\AppData\Roaming\uv\python\cpython-3.13.5-windows-x86_64-none\Lib\importlib\__init__.py:88: in import_module
    return _bootstrap._gcd_import(name[level:], package, level)
           ^^^^^^^^^^^^^^^^^^^^^^^^^^^^^^^^^^^^^^^^^^^^^^^^^^^^
services\tools.as\tests\test_models.py:19: in &lt;module&gt;
    from models import Scratchpad, TodoItem, TodoList
services\tools.as\app\models.py:7: in &lt;module&gt;
    from .database import Base
E   ImportError: attempted relative import with no known parent package</error></testcase><testcase classname="" name="tests.test_langfuse_ecosystem" file="tests/test_langfuse_ecosystem.py" time="0.000"><error message="collection failure">ImportError while importing test module 'C:\Users\steyn\ApexSigmaProjects.Dev\tests\test_langfuse_ecosystem.py'.
Hint: make sure your test modules/packages have valid Python names.
Traceback:
..\AppData\Roaming\uv\python\cpython-3.13.5-windows-x86_64-none\Lib\importlib\__init__.py:88: in import_module
    return _bootstrap._gcd_import(name[level:], package, level)
           ^^^^^^^^^^^^^^^^^^^^^^^^^^^^^^^^^^^^^^^^^^^^^^^^^^^^
tests\test_langfuse_ecosystem.py:12: in &lt;module&gt;
    from langfuse import Langfuse
E   ModuleNotFoundError: No module named 'langfuse'</error></testcase><testcase classname="" name="tests.test_langfuse_ecosystem_new" file="tests/test_langfuse_ecosystem_new.py" time="0.000"><error message="collection failure">ImportError while importing test module 'C:\Users\steyn\ApexSigmaProjects.Dev\tests\test_langfuse_ecosystem_new.py'.
Hint: make sure your test modules/packages have valid Python names.
Traceback:
..\AppData\Roaming\uv\python\cpython-3.13.5-windows-x86_64-none\Lib\importlib\__init__.py:88: in import_module
    return _bootstrap._gcd_import(name[level:], package, level)
           ^^^^^^^^^^^^^^^^^^^^^^^^^^^^^^^^^^^^^^^^^^^^^^^^^^^^
tests\test_langfuse_ecosystem_new.py:12: in &lt;module&gt;
    from langfuse import Langfuse
E   ModuleNotFoundError: No module named 'langfuse'</error></testcase></testsuite></testsuites>